../LCDLib/LCD.c:71:7:LCD_Delay_us	24	static
../LCDLib/LCD.c:78:7:LCD_Delay_ms	16	static
../LCDLib/LCD.c:87:6:LCD_Init	32	static
../LCDLib/LCD.c:143:6:LCD_Clear	8	static
../LCDLib/LCD.c:149:6:LCD_Puts	16	static
../LCDLib/LCD.c:178:6:LCD_DisplayOn	8	static
../LCDLib/LCD.c:184:6:LCD_DisplayOff	8	static
../LCDLib/LCD.c:190:6:LCD_BlinkOn	8	static
../LCDLib/LCD.c:196:6:LCD_BlinkOff	8	static
../LCDLib/LCD.c:202:6:LCD_CursorOn	8	static
../LCDLib/LCD.c:208:6:LCD_CursorOff	8	static
../LCDLib/LCD.c:214:6:LCD_ScrollLeft	8	static
../LCDLib/LCD.c:219:6:LCD_ScrollRight	8	static
../LCDLib/LCD.c:224:6:LCD_CreateChar	24	static
../LCDLib/LCD.c:258:6:LCD_PutCustom	16	static
../LCDLib/LCD.c:264:17:LCD_Cmd	16	static
../LCDLib/LCD.c:271:17:LCD_Data	16	static
../LCDLib/LCD.c:344:17:LCD_Cmd4bit	16	static
../LCDLib/LCD.c:353:17:LCD_CursorSet	24	static
../LCDLib/LCD.c:363:6:LCD_Put	16	static
