D:/Projects/MCPS/PRGM/CubeIDE-C/MCPS_V1.2 (KeysLogic)/button/button.h:103:20:debounce	16	static
../Core/Src/main.c:236:6:ContactUs	16	static
../Core/Src/main.c:296:6:HLine	24	static
../Core/Src/main.c:304:6:WeldDisplay	16	static
../Core/Src/main.c:326:20:DisplayRunMenu	24	static
../Core/Src/main.c:405:15:VariableMachine	24	static
../Core/Src/main.c:434:6:StandBy	16	static
../Core/Src/main.c:515:6:MainMenu	32	static
../Core/Src/main.c:649:6:IntAdjust	48	static
../Core/Src/main.c:768:6:StringChange	16	static
../Core/Src/main.c:861:6:FloatAdjust	56	static
../Core/Src/main.c:1062:7:ValuInit_Write_EE	16	static
../Core/Src/main.c:1107:6:ValuInit_Read_EE	16	static
../Core/Src/main.c:1181:6:Set_Frequency	16	static
../Core/Src/main.c:1193:6:Set_DutyCycle	32	static
../Core/Src/main.c:1217:5:main	32	static
../Core/Src/main.c:1447:6:SystemClock_Config	96	static
../Core/Src/main.c:1498:13:MX_ADC1_Init	48	static
../Core/Src/main.c:1564:13:MX_I2C1_Init	8	static
../Core/Src/main.c:1612:13:MX_TIM1_Init	56	static
../Core/Src/main.c:1663:13:MX_TIM3_Init	64	static
../Core/Src/main.c:1722:13:MX_TIM7_Init	24	static
../Core/Src/main.c:1760:13:MX_GPIO_Init	48	static
../Core/Src/main.c:1856:6:HAL_TIM_PeriodElapsedCallback	16	static
../Core/Src/main.c:1975:6:Error_Handler	4	static,ignoring_inline_asm
